> vec_as_position(1:2, 2L)
Error: Must extract with a single index.
x `i` has the wrong type `integer`.
i These indices must be NA.

> vec_as_position(mtcars, 10L)
Error: Must extract with a single index.
x `i` has the wrong type `data.frame<
  mpg : double
  cyl : double
  disp: double
  hp  : double
  drat: double
  wt  : double
  qsec: double
  vs  : double
  am  : double
  gear: double
  carb: double
>`.
i These indices must be positions or names.


Custom `arg`
============

> vec_as_position(1:2, 2L, arg = "foo")
Error: Must extract with a single index.
x `foo` has the wrong type `integer`.
i These indices must be NA.

> vec_as_position(mtcars, 10L, arg = "foo")
Error: Must extract with a single index.
x `foo` has the wrong type `data.frame<
  mpg : double
  cyl : double
  disp: double
  hp  : double
  drat: double
  wt  : double
  qsec: double
  vs  : double
  am  : double
  gear: double
  carb: double
>`.
i These indices must be positions or names.

> vec_as_position(1:2, 2L, arg = "foo")
Error: Must extract with a single index.
x `foo` has the wrong type `integer`.
i These indices must be NA.

