> vec_as_position(1:2, 2)
Error: Must extract with a single index.
x `i` has the wrong size 2.
i This index must be size 1.

> vec_as_position(mtcars, 10)
Error: Must extract with a single index.
x `i` has the wrong type `data.frame<
  mpg : double
  cyl : double
  disp: double
  hp  : double
  drat: double
  wt  : double
  qsec: double
  vs  : double
  am  : double
  gear: double
  carb: double
>`.
i This index must be a position or a name.


Custom `arg`
============

> vec_as_position(1:2, 2, arg = "foo")
Error: Must extract with a single index.
x `foo` has the wrong size 2.
i This index must be size 1.

> vec_as_position(mtcars, 10, arg = "foo")
Error: Must extract with a single index.
x `foo` has the wrong type `data.frame<
  mpg : double
  cyl : double
  disp: double
  hp  : double
  drat: double
  wt  : double
  qsec: double
  vs  : double
  am  : double
  gear: double
  carb: double
>`.
i This index must be a position or a name.

> vec_as_position(1:2, 2, arg = "foo")
Error: Must extract with a single index.
x `foo` has the wrong size 2.
i This index must be size 1.

